[
  {
    "Shoe_brand": "shoe_brand",
    "Shoe_name": "shoe_name"
  },
  {
    "Shoe_brand": "nike",
    "Shoe_name": "air_griffey"
  }
]
