{
  "NumRowGroups": 1,
  "RowGroups": [
    {
      "NumRows": 3,
      "TotalByteSize": 438,
      "Columns": [
        {
          "PathInSchema": [
            "Shoe_brand"
          ],
          "Type": "BYTE_ARRAY",
          "Encodings": [
            "RLE",
            "BIT_PACKED",
            "PLAIN"
          ],
          "CompressedSize": 200,
          "UncompressedSize": 194,
          "NumValues": 3,
          "NullCount": 0,
          "MaxValue": "c3RlcGhfY3Vycnk=",
          "MinValue": "ZmlsYQ=="
        },
        {
          "PathInSchema": [
            "Shoe_name"
          ],
          "Type": "BYTE_ARRAY",
          "Encodings": [
            "RLE",
            "BIT_PACKED",
            "PLAIN"
          ],
          "CompressedSize": 250,
          "UncompressedSize": 244,
          "NumValues": 3,
          "NullCount": 0,
          "MaxValue": "Z3JhbnRfaGlsbF8y",
          "MinValue": "YWlyX2dyaWZmZXk="
        }
      ]
    }
  ]
}
