[
  {
    "Shoe_brand": "steph_curry",
    "Shoe_name": "curry7"
  }
]
