[
  {
    "PARGO_PREFIX__shoe_brand": "nike",
    "Shoe_name": "air_griffey"
  },
  {
    "PARGO_PREFIX__shoe_brand": "fila",
    "Shoe_name": "grant_hill_2"
  },
  {
    "PARGO_PREFIX__shoe_brand": "steph_curry",
    "Shoe_name": "curry7"
  }
]
