[
  {
    "shoe_brand": "nike",
    "shoe_name": "air_griffey"
  },
  {
    "shoe_brand": "fila",
    "shoe_name": "grant_hill_2"
  },
  {
    "shoe_brand": "steph_curry",
    "shoe_name": "curry7"
  }
]
