[
  {
    "_NestedList": [],
    "_NestedMap": {}
  },
  {
    "_NestedList": [
      {
        "_List": [],
        "_Map": {}
      }
    ],
    "_NestedMap": {
      "Composite-0": {
        "_List": [],
        "_Map": {}
      }
    }
  },
  {
    "_NestedList": [
      {
        "_List": [],
        "_Map": {}
      },
      {
        "_List": [
          0
        ],
        "_Map": {
          "Embedded-0": 0
        }
      }
    ],
    "_NestedMap": {
      "Composite-0": {
        "_List": [],
        "_Map": {}
      },
      "Composite-1": {
        "_List": [
          0
        ],
        "_Map": {
          "Embedded-0": 0
        }
      }
    }
  },
  {
    "_NestedList": [
      {
        "_List": [],
        "_Map": {}
      },
      {
        "_List": [
          0
        ],
        "_Map": {
          "Embedded-0": 0
        }
      },
      {
        "_List": [
          0,
          0
        ],
        "_Map": {
          "Embedded-0": 0,
          "Embedded-1": 1
        }
      }
    ],
    "_NestedMap": {
      "Composite-0": {
        "_List": [],
        "_Map": {}
      },
      "Composite-1": {
        "_List": [
          0
        ],
        "_Map": {
          "Embedded-0": 0
        }
      },
      "Composite-2": {
        "_List": [
          0,
          0
        ],
        "_Map": {
          "Embedded-0": 0,
          "Embedded-1": 1
        }
      }
    }
  },
  {
    "_NestedList": [
      {
        "_List": [],
        "_Map": {}
      },
      {
        "_List": [
          0
        ],
        "_Map": {
          "Embedded-0": 0
        }
      },
      {
        "_List": [
          0,
          0
        ],
        "_Map": {
          "Embedded-0": 0,
          "Embedded-1": 1
        }
      },
      {
        "_List": [
          0,
          0,
          0
        ],
        "_Map": {
          "Embedded-0": 0,
          "Embedded-1": 1,
          "Embedded-2": 2
        }
      }
    ],
    "_NestedMap": {
      "Composite-0": {
        "_List": [],
        "_Map": {}
      },
      "Composite-1": {
        "_List": [
          0
        ],
        "_Map": {
          "Embedded-0": 0
        }
      },
      "Composite-2": {
        "_List": [
          0,
          0
        ],
        "_Map": {
          "Embedded-0": 0,
          "Embedded-1": 1
        }
      },
      "Composite-3": {
        "_List": [
          0,
          0,
          0
        ],
        "_Map": {
          "Embedded-0": 0,
          "Embedded-1": 1,
          "Embedded-2": 2
        }
      }
    }
  },
  {
    "_NestedList": [
      {
        "_List": [],
        "_Map": {}
      },
      {
        "_List": [
          0
        ],
        "_Map": {
          "Embedded-0": 0
        }
      },
      {
        "_List": [
          0,
          0
        ],
        "_Map": {
          "Embedded-0": 0,
          "Embedded-1": 1
        }
      },
      {
        "_List": [
          0,
          0,
          0
        ],
        "_Map": {
          "Embedded-0": 0,
          "Embedded-1": 1,
          "Embedded-2": 2
        }
      },
      {
        "_List": [
          0,
          0,
          0,
          0.03
        ],
        "_Map": {
          "Embedded-0": 0,
          "Embedded-1": 1,
          "Embedded-2": 2,
          "Embedded-3": 3
        }
      }
    ],
    "_NestedMap": {
      "Composite-0": {
        "_List": [],
        "_Map": {}
      },
      "Composite-1": {
        "_List": [
          0
        ],
        "_Map": {
          "Embedded-0": 0
        }
      },
      "Composite-2": {
        "_List": [
          0,
          0
        ],
        "_Map": {
          "Embedded-0": 0,
          "Embedded-1": 1
        }
      },
      "Composite-3": {
        "_List": [
          0,
          0,
          0
        ],
        "_Map": {
          "Embedded-0": 0,
          "Embedded-1": 1,
          "Embedded-2": 2
        }
      },
      "Composite-4": {
        "_List": [
          0,
          0,
          0,
          0.03
        ],
        "_Map": {
          "Embedded-0": 0,
          "Embedded-1": 1,
          "Embedded-2": 2,
          "Embedded-3": 3
        }
      }
    }
  },
  {
    "_NestedList": [
      {
        "_List": [],
        "_Map": {}
      },
      {
        "_List": [
          0
        ],
        "_Map": {
          "Embedded-0": 0
        }
      },
      {
        "_List": [
          0,
          0
        ],
        "_Map": {
          "Embedded-0": 0,
          "Embedded-1": 1
        }
      },
      {
        "_List": [
          0,
          0,
          0
        ],
        "_Map": {
          "Embedded-0": 0,
          "Embedded-1": 1,
          "Embedded-2": 2
        }
      },
      {
        "_List": [
          0,
          0,
          0,
          0.03
        ],
        "_Map": {
          "Embedded-0": 0,
          "Embedded-1": 1,
          "Embedded-2": 2,
          "Embedded-3": 3
        }
      },
      {
        "_List": [
          0,
          0,
          0,
          0.03,
          0.44
        ],
        "_Map": {
          "Embedded-0": 0,
          "Embedded-1": 1,
          "Embedded-2": 2,
          "Embedded-3": 3,
          "Embedded-4": 4
        }
      }
    ],
    "_NestedMap": {
      "Composite-0": {
        "_List": [],
        "_Map": {}
      },
      "Composite-1": {
        "_List": [
          0
        ],
        "_Map": {
          "Embedded-0": 0
        }
      },
      "Composite-2": {
        "_List": [
          0,
          0
        ],
        "_Map": {
          "Embedded-0": 0,
          "Embedded-1": 1
        }
      },
      "Composite-3": {
        "_List": [
          0,
          0,
          0
        ],
        "_Map": {
          "Embedded-0": 0,
          "Embedded-1": 1,
          "Embedded-2": 2
        }
      },
      "Composite-4": {
        "_List": [
          0,
          0,
          0,
          0.03
        ],
        "_Map": {
          "Embedded-0": 0,
          "Embedded-1": 1,
          "Embedded-2": 2,
          "Embedded-3": 3
        }
      },
      "Composite-5": {
        "_List": [
          0,
          0,
          0,
          0.03,
          0.44
        ],
        "_Map": {
          "Embedded-0": 0,
          "Embedded-1": 1,
          "Embedded-2": 2,
          "Embedded-3": 3,
          "Embedded-4": 4
        }
      }
    }
  },
  {
    "_NestedList": [
      {
        "_List": [],
        "_Map": {}
      },
      {
        "_List": [
          0
        ],
        "_Map": {
          "Embedded-0": 0
        }
      },
      {
        "_List": [
          0,
          0
        ],
        "_Map": {
          "Embedded-0": 0,
          "Embedded-1": 1
        }
      },
      {
        "_List": [
          0,
          0,
          0
        ],
        "_Map": {
          "Embedded-0": 0,
          "Embedded-1": 1,
          "Embedded-2": 2
        }
      },
      {
        "_List": [
          0,
          0,
          0,
          0.03
        ],
        "_Map": {
          "Embedded-0": 0,
          "Embedded-1": 1,
          "Embedded-2": 2,
          "Embedded-3": 3
        }
      },
      {
        "_List": [
          0,
          0,
          0,
          0.03,
          0.44
        ],
        "_Map": {
          "Embedded-0": 0,
          "Embedded-1": 1,
          "Embedded-2": 2,
          "Embedded-3": 3,
          "Embedded-4": 4
        }
      },
      {
        "_List": [
          0,
          0,
          0,
          0.03,
          0.44,
          0
        ],
        "_Map": {
          "Embedded-0": 0,
          "Embedded-1": 1,
          "Embedded-2": 2,
          "Embedded-3": 3,
          "Embedded-4": 4,
          "Embedded-5": 5
        }
      }
    ],
    "_NestedMap": {
      "Composite-0": {
        "_List": [],
        "_Map": {}
      },
      "Composite-1": {
        "_List": [
          0
        ],
        "_Map": {
          "Embedded-0": 0
        }
      },
      "Composite-2": {
        "_List": [
          0,
          0
        ],
        "_Map": {
          "Embedded-0": 0,
          "Embedded-1": 1
        }
      },
      "Composite-3": {
        "_List": [
          0,
          0,
          0
        ],
        "_Map": {
          "Embedded-0": 0,
          "Embedded-1": 1,
          "Embedded-2": 2
        }
      },
      "Composite-4": {
        "_List": [
          0,
          0,
          0,
          0.03
        ],
        "_Map": {
          "Embedded-0": 0,
          "Embedded-1": 1,
          "Embedded-2": 2,
          "Embedded-3": 3
        }
      },
      "Composite-5": {
        "_List": [
          0,
          0,
          0,
          0.03,
          0.44
        ],
        "_Map": {
          "Embedded-0": 0,
          "Embedded-1": 1,
          "Embedded-2": 2,
          "Embedded-3": 3,
          "Embedded-4": 4
        }
      },
      "Composite-6": {
        "_List": [
          0,
          0,
          0,
          0.03,
          0.44,
          0
        ],
        "_Map": {
          "Embedded-0": 0,
          "Embedded-1": 1,
          "Embedded-2": 2,
          "Embedded-3": 3,
          "Embedded-4": 4,
          "Embedded-5": 5
        }
      }
    }
  },
  {
    "_NestedList": [
      {
        "_List": [],
        "_Map": {}
      },
      {
        "_List": [
          0
        ],
        "_Map": {
          "Embedded-0": 0
        }
      },
      {
        "_List": [
          0,
          0
        ],
        "_Map": {
          "Embedded-0": 0,
          "Embedded-1": 1
        }
      },
      {
        "_List": [
          0,
          0,
          0
        ],
        "_Map": {
          "Embedded-0": 0,
          "Embedded-1": 1,
          "Embedded-2": 2
        }
      },
      {
        "_List": [
          0,
          0,
          0,
          0.03
        ],
        "_Map": {
          "Embedded-0": 0,
          "Embedded-1": 1,
          "Embedded-2": 2,
          "Embedded-3": 3
        }
      },
      {
        "_List": [
          0,
          0,
          0,
          0.03,
          0.44
        ],
        "_Map": {
          "Embedded-0": 0,
          "Embedded-1": 1,
          "Embedded-2": 2,
          "Embedded-3": 3,
          "Embedded-4": 4
        }
      },
      {
        "_List": [
          0,
          0,
          0,
          0.03,
          0.44,
          0
        ],
        "_Map": {
          "Embedded-0": 0,
          "Embedded-1": 1,
          "Embedded-2": 2,
          "Embedded-3": 3,
          "Embedded-4": 4,
          "Embedded-5": 5
        }
      },
      {
        "_List": [
          0,
          0,
          0,
          0.03,
          0.44,
          0,
          0
        ],
        "_Map": {
          "Embedded-0": 0,
          "Embedded-1": 1,
          "Embedded-2": 2,
          "Embedded-3": 3,
          "Embedded-4": 4,
          "Embedded-5": 5,
          "Embedded-6": 6
        }
      }
    ],
    "_NestedMap": {
      "Composite-0": {
        "_List": [],
        "_Map": {}
      },
      "Composite-1": {
        "_List": [
          0
        ],
        "_Map": {
          "Embedded-0": 0
        }
      },
      "Composite-2": {
        "_List": [
          0,
          0
        ],
        "_Map": {
          "Embedded-0": 0,
          "Embedded-1": 1
        }
      },
      "Composite-3": {
        "_List": [
          0,
          0,
          0
        ],
        "_Map": {
          "Embedded-0": 0,
          "Embedded-1": 1,
          "Embedded-2": 2
        }
      },
      "Composite-4": {
        "_List": [
          0,
          0,
          0,
          0.03
        ],
        "_Map": {
          "Embedded-0": 0,
          "Embedded-1": 1,
          "Embedded-2": 2,
          "Embedded-3": 3
        }
      },
      "Composite-5": {
        "_List": [
          0,
          0,
          0,
          0.03,
          0.44
        ],
        "_Map": {
          "Embedded-0": 0,
          "Embedded-1": 1,
          "Embedded-2": 2,
          "Embedded-3": 3,
          "Embedded-4": 4
        }
      },
      "Composite-6": {
        "_List": [
          0,
          0,
          0,
          0.03,
          0.44,
          0
        ],
        "_Map": {
          "Embedded-0": 0,
          "Embedded-1": 1,
          "Embedded-2": 2,
          "Embedded-3": 3,
          "Embedded-4": 4,
          "Embedded-5": 5
        }
      },
      "Composite-7": {
        "_List": [
          0,
          0,
          0,
          0.03,
          0.44,
          0,
          0
        ],
        "_Map": {
          "Embedded-0": 0,
          "Embedded-1": 1,
          "Embedded-2": 2,
          "Embedded-3": 3,
          "Embedded-4": 4,
          "Embedded-5": 5,
          "Embedded-6": 6
        }
      }
    }
  },
  {
    "_NestedList": [
      {
        "_List": [],
        "_Map": {}
      },
      {
        "_List": [
          0
        ],
        "_Map": {
          "Embedded-0": 0
        }
      },
      {
        "_List": [
          0,
          0
        ],
        "_Map": {
          "Embedded-0": 0,
          "Embedded-1": 1
        }
      },
      {
        "_List": [
          0,
          0,
          0
        ],
        "_Map": {
          "Embedded-0": 0,
          "Embedded-1": 1,
          "Embedded-2": 2
        }
      },
      {
        "_List": [
          0,
          0,
          0,
          0.03
        ],
        "_Map": {
          "Embedded-0": 0,
          "Embedded-1": 1,
          "Embedded-2": 2,
          "Embedded-3": 3
        }
      },
      {
        "_List": [
          0,
          0,
          0,
          0.03,
          0.44
        ],
        "_Map": {
          "Embedded-0": 0,
          "Embedded-1": 1,
          "Embedded-2": 2,
          "Embedded-3": 3,
          "Embedded-4": 4
        }
      },
      {
        "_List": [
          0,
          0,
          0,
          0.03,
          0.44,
          0
        ],
        "_Map": {
          "Embedded-0": 0,
          "Embedded-1": 1,
          "Embedded-2": 2,
          "Embedded-3": 3,
          "Embedded-4": 4,
          "Embedded-5": 5
        }
      },
      {
        "_List": [
          0,
          0,
          0,
          0.03,
          0.44,
          0,
          0
        ],
        "_Map": {
          "Embedded-0": 0,
          "Embedded-1": 1,
          "Embedded-2": 2,
          "Embedded-3": 3,
          "Embedded-4": 4,
          "Embedded-5": 5,
          "Embedded-6": 6
        }
      },
      {
        "_List": [
          0,
          0,
          0,
          0.03,
          0.44,
          0,
          0,
          0
        ],
        "_Map": {
          "Embedded-0": 0,
          "Embedded-1": 1,
          "Embedded-2": 2,
          "Embedded-3": 3,
          "Embedded-4": 4,
          "Embedded-5": 5,
          "Embedded-6": 6,
          "Embedded-7": 7
        }
      }
    ],
    "_NestedMap": {
      "Composite-0": {
        "_List": [],
        "_Map": {}
      },
      "Composite-1": {
        "_List": [
          0
        ],
        "_Map": {
          "Embedded-0": 0
        }
      },
      "Composite-2": {
        "_List": [
          0,
          0
        ],
        "_Map": {
          "Embedded-0": 0,
          "Embedded-1": 1
        }
      },
      "Composite-3": {
        "_List": [
          0,
          0,
          0
        ],
        "_Map": {
          "Embedded-0": 0,
          "Embedded-1": 1,
          "Embedded-2": 2
        }
      },
      "Composite-4": {
        "_List": [
          0,
          0,
          0,
          0.03
        ],
        "_Map": {
          "Embedded-0": 0,
          "Embedded-1": 1,
          "Embedded-2": 2,
          "Embedded-3": 3
        }
      },
      "Composite-5": {
        "_List": [
          0,
          0,
          0,
          0.03,
          0.44
        ],
        "_Map": {
          "Embedded-0": 0,
          "Embedded-1": 1,
          "Embedded-2": 2,
          "Embedded-3": 3,
          "Embedded-4": 4
        }
      },
      "Composite-6": {
        "_List": [
          0,
          0,
          0,
          0.03,
          0.44,
          0
        ],
        "_Map": {
          "Embedded-0": 0,
          "Embedded-1": 1,
          "Embedded-2": 2,
          "Embedded-3": 3,
          "Embedded-4": 4,
          "Embedded-5": 5
        }
      },
      "Composite-7": {
        "_List": [
          0,
          0,
          0,
          0.03,
          0.44,
          0,
          0
        ],
        "_Map": {
          "Embedded-0": 0,
          "Embedded-1": 1,
          "Embedded-2": 2,
          "Embedded-3": 3,
          "Embedded-4": 4,
          "Embedded-5": 5,
          "Embedded-6": 6
        }
      },
      "Composite-8": {
        "_List": [
          0,
          0,
          0,
          0.03,
          0.44,
          0,
          0,
          0
        ],
        "_Map": {
          "Embedded-0": 0,
          "Embedded-1": 1,
          "Embedded-2": 2,
          "Embedded-3": 3,
          "Embedded-4": 4,
          "Embedded-5": 5,
          "Embedded-6": 6,
          "Embedded-7": 7
        }
      }
    }
  }
]
