{
  "NumRowGroups": 1,
  "RowGroups": [
    {
      "NumRows": 11,
      "TotalByteSize": 2063,
      "Columns": [
        {
          "PathInSchema": [
            "V1"
          ],
          "Type": "INT32",
          "Encodings": [
            "RLE",
            "BIT_PACKED",
            "PLAIN"
          ],
          "CompressedSize": 232,
          "UncompressedSize": 224,
          "NumValues": 11,
          "NullCount": 0,
          "MaxValue": 1.25,
          "MinValue": -1.25,
          "CompressionCodec": "SNAPPY"
        },
        {
          "PathInSchema": [
            "V2"
          ],
          "Type": "INT64",
          "Encodings": [
            "RLE",
            "BIT_PACKED",
            "PLAIN"
          ],
          "CompressedSize": 331,
          "UncompressedSize": 332,
          "NumValues": 11,
          "NullCount": 0,
          "MaxValue": 1.25,
          "MinValue": -1.25,
          "CompressionCodec": "SNAPPY"
        },
        {
          "PathInSchema": [
            "V3"
          ],
          "Type": "FIXED_LEN_BYTE_ARRAY",
          "Encodings": [
            "RLE",
            "BIT_PACKED",
            "PLAIN"
          ],
          "CompressedSize": 399,
          "UncompressedSize": 440,
          "NumValues": 11,
          "NullCount": 0,
          "MaxValue": 1.25,
          "MinValue": -1.25,
          "CompressionCodec": "SNAPPY"
        },
        {
          "PathInSchema": [
            "V4"
          ],
          "Type": "BYTE_ARRAY",
          "Encodings": [
            "RLE",
            "BIT_PACKED",
            "PLAIN"
          ],
          "CompressedSize": 195,
          "UncompressedSize": 187,
          "NumValues": 11,
          "NullCount": 0,
          "MaxValue": 1.25,
          "MinValue": -1.25,
          "CompressionCodec": "SNAPPY"
        },
        {
          "PathInSchema": [
            "V5"
          ],
          "Type": "FIXED_LEN_BYTE_ARRAY",
          "Encodings": [
            "RLE",
            "BIT_PACKED",
            "PLAIN"
          ],
          "CompressedSize": 399,
          "UncompressedSize": 440,
          "NumValues": 11,
          "NullCount": 0,
          "MaxValue": 125,
          "MinValue": 0,
          "CompressionCodec": "SNAPPY"
        },
        {
          "PathInSchema": [
            "V6"
          ],
          "Type": "INT96",
          "Encodings": [
            "RLE",
            "BIT_PACKED",
            "PLAIN"
          ],
          "CompressedSize": 439,
          "UncompressedSize": 440,
          "NumValues": 11,
          "NullCount": 0,
          "MaxValue": "2022-01-01T11:11:11.011011Z",
          "MinValue": "2022-01-01T01:01:01.001001Z",
          "CompressionCodec": "SNAPPY"
        }
      ]
    }
  ]
}
