{
  "NumRowGroups": 1,
  "RowGroups": [
    {
      "NumRows": 10,
      "TotalByteSize": 4590,
      "Columns": [
        {
          "PathInSchema": [
            "Geometry"
          ],
          "Type": "BYTE_ARRAY",
          "LogicalType": "logicaltype=GEOMETRY",
          "Encodings": [
            "RLE",
            "BIT_PACKED",
            "PLAIN"
          ],
          "CompressedSize": 1920,
          "UncompressedSize": 2472,
          "NumValues": 10,
          "NullCount": 0,
          "MaxValue": {
            "crs": "OGC:CRS84",
            "wkb_hex": "0107000000030000000101000000000000000000184000000000000018c00102000000020000000000000000000000000000000000000000000000000018400000000000001840010300000001000000050000000000000000000000000000000000000000000000000018400000000000000000000000000000184000000000000018400000000000000000000000000000184000000000000000000000000000000000"
          },
          "MinValue": {
            "crs": "OGC:CRS84",
            "wkb_hex": "010100000000000000000000000000000000000000"
          },
          "CompressionCodec": "SNAPPY"
        },
        {
          "PathInSchema": [
            "Geography"
          ],
          "Type": "BYTE_ARRAY",
          "LogicalType": "logicaltype=GEOGRAPHY",
          "Encodings": [
            "RLE",
            "BIT_PACKED",
            "PLAIN"
          ],
          "CompressedSize": 1711,
          "UncompressedSize": 2118,
          "NumValues": 10,
          "NullCount": 0,
          "MaxValue": {
            "algorithm": "SPHERICAL",
            "crs": "OGC:CRS84",
            "wkb_hex": "010700000002000000010100000000000000000008400000000000002240010200000002000000000000000000e03f000000000000f83f0000000000001a400000000000001e40"
          },
          "MinValue": {
            "algorithm": "SPHERICAL",
            "crs": "OGC:CRS84",
            "wkb_hex": "010100000000000000000000000000000000000000"
          },
          "CompressionCodec": "SNAPPY"
        }
      ]
    }
  ]
}
