{
  "NumRowGroups": 1,
  "RowGroups": [
    {
      "NumRows": 12,
      "TotalByteSize": 2219,
      "Columns": [
        {
          "PathInSchema": [
            "v1"
          ],
          "Type": "INT32",
          "Encodings": [
            "RLE",
            "BIT_PACKED",
            "PLAIN"
          ],
          "CompressedSize": 258,
          "UncompressedSize": 250,
          "NumValues": 12,
          "NullCount": 1,
          "MaxValue": 1.25,
          "MinValue": -1.25,
          "CompressionCodec": "SNAPPY"
        },
        {
          "PathInSchema": [
            "v2"
          ],
          "Type": "INT64",
          "Encodings": [
            "RLE",
            "BIT_PACKED",
            "PLAIN"
          ],
          "CompressedSize": 366,
          "UncompressedSize": 358,
          "NumValues": 12,
          "NullCount": 1,
          "MaxValue": 1.25,
          "MinValue": -1.25,
          "CompressionCodec": "SNAPPY"
        },
        {
          "PathInSchema": [
            "v3"
          ],
          "Type": "FIXED_LEN_BYTE_ARRAY",
          "Encodings": [
            "RLE",
            "BIT_PACKED",
            "PLAIN"
          ],
          "CompressedSize": 409,
          "UncompressedSize": 466,
          "NumValues": 12,
          "NullCount": 1,
          "MaxValue": 1.25,
          "MinValue": -1.25,
          "CompressionCodec": "SNAPPY"
        },
        {
          "PathInSchema": [
            "v4"
          ],
          "Type": "BYTE_ARRAY",
          "Encodings": [
            "RLE",
            "BIT_PACKED",
            "PLAIN"
          ],
          "CompressedSize": 221,
          "UncompressedSize": 213,
          "NumValues": 12,
          "NullCount": 1,
          "MaxValue": 1.25,
          "MinValue": -1.25,
          "CompressionCodec": "SNAPPY"
        },
        {
          "PathInSchema": [
            "v5"
          ],
          "Type": "FIXED_LEN_BYTE_ARRAY",
          "Encodings": [
            "RLE",
            "BIT_PACKED",
            "PLAIN"
          ],
          "CompressedSize": 392,
          "UncompressedSize": 466,
          "NumValues": 12,
          "NullCount": 1,
          "MaxValue": "125 mon 125 day 0.125 sec",
          "MinValue": "0.000 sec",
          "CompressionCodec": "SNAPPY"
        },
        {
          "PathInSchema": [
            "v6"
          ],
          "Type": "INT96",
          "Encodings": [
            "RLE",
            "BIT_PACKED",
            "PLAIN"
          ],
          "CompressedSize": 474,
          "UncompressedSize": 466,
          "NumValues": 12,
          "NullCount": 1,
          "MaxValue": "2022-01-01T11:11:11.011011Z",
          "MinValue": "2022-01-01T01:01:01.001001Z",
          "CompressionCodec": "SNAPPY"
        }
      ]
    }
  ]
}
