{
  "NumRowGroups": 1,
  "RowGroups": [
    {
      "NumRows": 3,
      "TotalByteSize": 438,
      "Columns": [
        {
          "PathInSchema": [
            "Shoe_brand"
          ],
          "Type": "BYTE_ARRAY",
          "Encodings": [
            "RLE",
            "BIT_PACKED",
            "PLAIN"
          ],
          "CompressedSize": 269,
          "UncompressedSize": 194,
          "NumValues": 3,
          "NullCount": 0,
          "MaxValue": "steph_curry",
          "MinValue": "fila",
          "CompressionCodec": "GZIP"
        },
        {
          "PathInSchema": [
            "Shoe_name"
          ],
          "Type": "BYTE_ARRAY",
          "Encodings": [
            "RLE",
            "BIT_PACKED",
            "PLAIN"
          ],
          "CompressedSize": 319,
          "UncompressedSize": 244,
          "NumValues": 3,
          "NullCount": 0,
          "MaxValue": "grant_hill_2",
          "MinValue": "air_griffey",
          "CompressionCodec": "GZIP"
        }
      ]
    }
  ]
}
