{
  "Tag": "name=parquet_go_root",
  "Fields": [
    {
      "Tag": "name=Geometry, type=BYTE_ARRAY, logicaltype=GEOMETRY"
    },
    {
      "Tag": "name=Geography, type=BYTE_ARRAY, logicaltype=GEOGRAPHY"
    }
  ]
}
