type Parquet_go_root struct {
Geometry string `parquet:"name=Geometry, type=BYTE_ARRAY, logicaltype=GEOMETRY"`
Geography string `parquet:"name=Geography, type=BYTE_ARRAY, logicaltype=GEOGRAPHY"`
}
