{
  "Tag": "name=Parquet_go_root",
  "Fields": [
    {
      "Tag": "name=Name, type=BYTE_ARRAY, convertedtype=UTF8"
    },
    {
      "Tag": "name=Scores, type=MAP",
      "Fields": [
        {
          "Tag": "name=Key, type=BYTE_ARRAY, convertedtype=UTF8"
        },
        {
          "Tag": "name=Value, type=MAP",
          "Fields": [
            {
              "Tag": "name=Key, type=BYTE_ARRAY, convertedtype=UTF8"
            },
            {
              "Tag": "name=Value, type=FLOAT"
            }
          ]
        }
      ]
    }
  ]
}
