{
  "Tag": "name=Parquet_go_root",
  "Fields": [
    {
      "Tag": "name=Bool, type=BOOLEAN"
    },
    {
      "Tag": "name=Int32, type=INT32"
    },
    {
      "Tag": "name=Int64, type=INT64"
    },
    {
      "Tag": "name=Int96, type=INT96"
    },
    {
      "Tag": "name=Float, type=FLOAT"
    },
    {
      "Tag": "name=Double, type=DOUBLE"
    },
    {
      "Tag": "name=ByteArray, type=BYTE_ARRAY"
    },
    {
      "Tag": "name=Enum, type=BYTE_ARRAY, convertedtype=ENUM"
    },
    {
      "Tag": "name=Uuid, type=BYTE_ARRAY"
    },
    {
      "Tag": "name=Json, type=BYTE_ARRAY, convertedtype=JSON"
    },
    {
      "Tag": "name=FixedLenByteArray, type=FIXED_LEN_BYTE_ARRAY, length=10"
    },
    {
      "Tag": "name=Utf8, type=BYTE_ARRAY, convertedtype=UTF8"
    },
    {
      "Tag": "name=Int_8, type=INT32, convertedtype=INT_8"
    },
    {
      "Tag": "name=Int_16, type=INT32, convertedtype=INT_16"
    },
    {
      "Tag": "name=Int_32, type=INT32, convertedtype=INT_32"
    },
    {
      "Tag": "name=Int_64, type=INT64, convertedtype=INT_64"
    },
    {
      "Tag": "name=Uint_8, type=INT32, convertedtype=UINT_8"
    },
    {
      "Tag": "name=Uint_16, type=INT32, convertedtype=UINT_16"
    },
    {
      "Tag": "name=Uint_32, type=INT32, convertedtype=UINT_32"
    },
    {
      "Tag": "name=Uint_64, type=INT64, convertedtype=UINT_64"
    },
    {
      "Tag": "name=Date, type=INT32, convertedtype=DATE"
    },
    {
      "Tag": "name=Date2, type=INT32, convertedtype=DATE"
    },
    {
      "Tag": "name=TimeMillis, type=INT32, logicaltype=TIME, logicaltype.isadjustedtoutc=false, logicaltype.unit=MILLIS"
    },
    {
      "Tag": "name=TimeMillis2, type=INT32, logicaltype=TIME, logicaltype.isadjustedtoutc=true, logicaltype.unit=MILLIS"
    },
    {
      "Tag": "name=TimeMicros, type=INT64, logicaltype=TIME, logicaltype.isadjustedtoutc=false, logicaltype.unit=MICROS"
    },
    {
      "Tag": "name=TimeMicros2, type=INT64, logicaltype=TIME, logicaltype.isadjustedtoutc=false, logicaltype.unit=MICROS"
    },
    {
      "Tag": "name=TimeNanos2, type=INT64, logicaltype=TIME, logicaltype.isadjustedtoutc=false, logicaltype.unit=NANOS"
    },
    {
      "Tag": "name=TimestampMillis, type=INT64, logicaltype=TIMESTAMP, logicaltype.isadjustedtoutc=false, logicaltype.unit=MILLIS"
    },
    {
      "Tag": "name=TimestampMillis2, type=INT64, logicaltype=TIMESTAMP, logicaltype.isadjustedtoutc=true, logicaltype.unit=MILLIS"
    },
    {
      "Tag": "name=TimestampMicros, type=INT64, logicaltype=TIMESTAMP, logicaltype.isadjustedtoutc=false, logicaltype.unit=MICROS"
    },
    {
      "Tag": "name=TimestampMicros2, type=INT64, logicaltype=TIMESTAMP, logicaltype.isadjustedtoutc=false, logicaltype.unit=MICROS"
    },
    {
      "Tag": "name=TimestampNanos2, type=INT64, logicaltype=TIMESTAMP, logicaltype.isadjustedtoutc=false, logicaltype.unit=NANOS"
    },
    {
      "Tag": "name=Interval, type=FIXED_LEN_BYTE_ARRAY, convertedtype=INTERVAL, length=12"
    },
    {
      "Tag": "name=Decimal1, type=INT32, convertedtype=DECIMAL, scale=2, precision=9"
    },
    {
      "Tag": "name=Decimal2, type=INT64, convertedtype=DECIMAL, scale=2, precision=18"
    },
    {
      "Tag": "name=Decimal3, type=FIXED_LEN_BYTE_ARRAY, convertedtype=DECIMAL, scale=2, precision=10, length=12"
    },
    {
      "Tag": "name=Decimal4, type=BYTE_ARRAY, convertedtype=DECIMAL, scale=2, precision=20"
    },
    {
      "Tag": "name=Decimal5, type=INT32, logicaltype=DECIMAL, logicaltype.precision=9, logicaltype.scale=2"
    },
    {
      "Tag": "name=DecimalPointer, type=FIXED_LEN_BYTE_ARRAY, convertedtype=DECIMAL, scale=2, precision=10, length=12, repetitiontype=OPTIONAL"
    },
    {
      "Tag": "name=Map, type=MAP",
      "Fields": [
        {
          "Tag": "name=Key, type=BYTE_ARRAY, convertedtype=UTF8"
        },
        {
          "Tag": "name=Value, type=INT32"
        }
      ]
    },
    {
      "Tag": "name=List, type=LIST",
      "Fields": [
        {
          "Tag": "name=Element, type=BYTE_ARRAY, convertedtype=UTF8"
        }
      ]
    },
    {
      "Tag": "name=Repeated, type=INT32, repetitiontype=REPEATED"
    },
    {
      "Tag": "name=NestedMap, type=MAP",
      "Fields": [
        {
          "Tag": "name=Key, type=BYTE_ARRAY, convertedtype=UTF8"
        },
        {
          "Tag": "name=Value",
          "Fields": [
            {
              "Tag": "name=Map, type=MAP",
              "Fields": [
                {
                  "Tag": "name=Key, type=BYTE_ARRAY, convertedtype=UTF8"
                },
                {
                  "Tag": "name=Value, type=INT32"
                }
              ]
            },
            {
              "Tag": "name=List, type=LIST",
              "Fields": [
                {
                  "Tag": "name=Element, type=BYTE_ARRAY, convertedtype=DECIMAL, scale=2, precision=10"
                }
              ]
            }
          ]
        }
      ]
    },
    {
      "Tag": "name=NestedList, type=LIST",
      "Fields": [
        {
          "Tag": "name=Element",
          "Fields": [
            {
              "Tag": "name=Map, type=MAP",
              "Fields": [
                {
                  "Tag": "name=Key, type=BYTE_ARRAY, convertedtype=UTF8"
                },
                {
                  "Tag": "name=Value, type=INT32"
                }
              ]
            },
            {
              "Tag": "name=List, type=LIST",
              "Fields": [
                {
                  "Tag": "name=Element, type=BYTE_ARRAY, convertedtype=DECIMAL, scale=2, precision=10"
                }
              ]
            }
          ]
        }
      ]
    }
  ]
}
