{
  "Tag": "name=Parquet_go_root",
  "Fields": [
    {
      "Tag": "name=PARGO_PREFIX__NestedMap, type=MAP",
      "Fields": [
        {
          "Tag": "name=Key, type=BYTE_ARRAY, convertedtype=UTF8"
        },
        {
          "Tag": "name=Value",
          "Fields": [
            {
              "Tag": "name=PARGO_PREFIX__Map, type=MAP",
              "Fields": [
                {
                  "Tag": "name=Key, type=BYTE_ARRAY, convertedtype=UTF8"
                },
                {
                  "Tag": "name=Value, type=INT32"
                }
              ]
            },
            {
              "Tag": "name=PARGO_PREFIX__List, type=LIST",
              "Fields": [
                {
                  "Tag": "name=Element, type=BYTE_ARRAY, convertedtype=DECIMAL, scale=2, precision=10"
                }
              ]
            }
          ]
        }
      ]
    },
    {
      "Tag": "name=PARGO_PREFIX__NestedList, type=LIST",
      "Fields": [
        {
          "Tag": "name=Element",
          "Fields": [
            {
              "Tag": "name=PARGO_PREFIX__Map, type=MAP",
              "Fields": [
                {
                  "Tag": "name=Key, type=BYTE_ARRAY, convertedtype=UTF8"
                },
                {
                  "Tag": "name=Value, type=INT32"
                }
              ]
            },
            {
              "Tag": "name=PARGO_PREFIX__List, type=LIST",
              "Fields": [
                {
                  "Tag": "name=Element, type=BYTE_ARRAY, convertedtype=DECIMAL, scale=2, precision=10"
                }
              ]
            }
          ]
        }
      ]
    }
  ]
}
