struct {
	Id      *string `parquet:"name=Id, type=BYTE_ARRAY, convertedtype=UTF8, repetitiontype=OPTIONAL"`
	OrgList *[]struct {
		Id          *string `parquet:"name=Id, type=BYTE_ARRAY, convertedtype=UTF8, repetitiontype=OPTIONAL"`
		Name        *string `parquet:"name=Name, type=BYTE_ARRAY, convertedtype=UTF8, repetitiontype=OPTIONAL"`
		Region      *string `parquet:"name=Region, type=BYTE_ARRAY, convertedtype=UTF8, repetitiontype=OPTIONAL"`
		Status      *int32  `parquet:"name=Status, type=INT32, repetitiontype=OPTIONAL"`
		CreatedTime *string `parquet:"name=CreatedTime, type=BYTE_ARRAY, convertedtype=UTF8, repetitiontype=OPTIONAL"`
		ContactList *[]struct {
			Id           *string `parquet:"name=Id, type=BYTE_ARRAY, convertedtype=UTF8, repetitiontype=OPTIONAL"`
			Email        *string `parquet:"name=Email, type=BYTE_ARRAY, convertedtype=UTF8, repetitiontype=OPTIONAL"`
			FirstName    *string `parquet:"name=FirstName, type=BYTE_ARRAY, convertedtype=UTF8, repetitiontype=OPTIONAL"`
			LastName     *string `parquet:"name=LastName, type=BYTE_ARRAY, convertedtype=UTF8, repetitiontype=OPTIONAL"`
			JobName      *string `parquet:"name=JobName, type=BYTE_ARRAY, convertedtype=UTF8, repetitiontype=OPTIONAL"`
			CountryName  *string `parquet:"name=CountryName, type=BYTE_ARRAY, convertedtype=UTF8, repetitiontype=OPTIONAL"`
			TelephoneNum *string `parquet:"name=TelephoneNum, type=BYTE_ARRAY, convertedtype=UTF8, repetitiontype=OPTIONAL"`
			MobileNum    *string `parquet:"name=MobileNum, type=BYTE_ARRAY, convertedtype=UTF8, repetitiontype=OPTIONAL"`
		} `parquet:"name=ContactList, type=LIST, valuetype=STRUCT, convertedtype=LIST, repetitiontype=OPTIONAL"`
		ContractReport *struct {
			Id       *string `parquet:"name=Id, type=BYTE_ARRAY, convertedtype=UTF8, repetitiontype=OPTIONAL"`
			Name     *string `parquet:"name=Name, type=BYTE_ARRAY, convertedtype=UTF8, repetitiontype=OPTIONAL"`
			CityName *string `parquet:"name=CityName, type=BYTE_ARRAY, convertedtype=UTF8, repetitiontype=OPTIONAL"`
			State    *string `parquet:"name=State, type=BYTE_ARRAY, convertedtype=UTF8, repetitiontype=OPTIONAL"`
			Country  *string `parquet:"name=Country, type=BYTE_ARRAY, convertedtype=UTF8, repetitiontype=OPTIONAL"`
			PostalCd *string `parquet:"name=PostalCd, type=BYTE_ARRAY, convertedtype=UTF8, repetitiontype=OPTIONAL"`
		} `parquet:"name=ContractReport, type=STRUCT, repetitiontype=OPTIONAL"`
	} `parquet:"name=OrgList, type=LIST, valuetype=STRUCT, convertedtype=LIST, repetitiontype=OPTIONAL"`
	ContractReport *struct {
		OrgId    *string `parquet:"name=OrgId, type=BYTE_ARRAY, convertedtype=UTF8, repetitiontype=OPTIONAL"`
		Name     *string `parquet:"name=Name, type=BYTE_ARRAY, convertedtype=UTF8, repetitiontype=OPTIONAL"`
		CityName *string `parquet:"name=CityName, type=BYTE_ARRAY, convertedtype=UTF8, repetitiontype=OPTIONAL"`
		State    *string `parquet:"name=State, type=BYTE_ARRAY, convertedtype=UTF8, repetitiontype=OPTIONAL"`
		Country  *string `parquet:"name=Country, type=BYTE_ARRAY, convertedtype=UTF8, repetitiontype=OPTIONAL"`
		PostalCd *string `parquet:"name=PostalCd, type=BYTE_ARRAY, convertedtype=UTF8, repetitiontype=OPTIONAL"`
		Id       *string `parquet:"name=Id, type=BYTE_ARRAY, convertedtype=UTF8, repetitiontype=OPTIONAL"`
	} `parquet:"name=ContractReport, type=STRUCT, repetitiontype=OPTIONAL"`
	InventoryMonitoring *struct {
		Configured bool `parquet:"name=Configured, type=BOOLEAN"`
		Accounts   *[]struct {
			Id   *string `parquet:"name=Id, type=BYTE_ARRAY, convertedtype=UTF8, repetitiontype=OPTIONAL"`
			Name *string `parquet:"name=Name, type=BYTE_ARRAY, convertedtype=UTF8, repetitiontype=OPTIONAL"`
		} `parquet:"name=Accounts, type=LIST, valuetype=STRUCT, convertedtype=LIST, repetitiontype=OPTIONAL"`
		LastUpdatedBy        *string `parquet:"name=LastUpdatedBy, type=BYTE_ARRAY, convertedtype=UTF8, repetitiontype=OPTIONAL"`
		LastUpdatedTimestamp *string `parquet:"name=LastUpdatedTimestamp, type=BYTE_ARRAY, convertedtype=UTF8, repetitiontype=OPTIONAL"`
	} `parquet:"name=InventoryMonitoring, type=STRUCT, repetitiontype=OPTIONAL"`
	Status                  *string `parquet:"name=Status, type=BYTE_ARRAY, convertedtype=UTF8, repetitiontype=OPTIONAL"`
	VerifyContracts         bool    `parquet:"name=VerifyContracts, type=BOOLEAN"`
	DefaultAssetGroupId     *string `parquet:"name=DefaultAssetGroupId, type=BYTE_ARRAY, convertedtype=UTF8, repetitiontype=OPTIONAL"`
	CustomerProvisionStatus *string `parquet:"name=CustomerProvisionStatus, type=BYTE_ARRAY, convertedtype=UTF8, repetitiontype=OPTIONAL"`
	EligibilityInfoStatus   *string `parquet:"name=EligibilityInfoStatus, type=BYTE_ARRAY, convertedtype=UTF8, repetitiontype=OPTIONAL"`
	CollectionTriggerStatus *string `parquet:"name=CollectionTriggerStatus, type=BYTE_ARRAY, convertedtype=UTF8, repetitiontype=OPTIONAL"`
	SuperAdminStatus        *string `parquet:"name=SuperAdminStatus, type=BYTE_ARRAY, convertedtype=UTF8, repetitiontype=OPTIONAL"`
	AccessPolicyStatus      *string `parquet:"name=AccessPolicyStatus, type=BYTE_ARRAY, convertedtype=UTF8, repetitiontype=OPTIONAL"`
	DefaultUserGroupStatus  *string `parquet:"name=DefaultUserGroupStatus, type=BYTE_ARRAY, convertedtype=UTF8, repetitiontype=OPTIONAL"`
	EmailNotificationStatus *string `parquet:"name=EmailNotificationStatus, type=BYTE_ARRAY, convertedtype=UTF8, repetitiontype=OPTIONAL"`
	CreatedTime             *string `parquet:"name=CreatedTime, type=BYTE_ARRAY, convertedtype=UTF8, repetitiontype=OPTIONAL"`
	Orgs                    *[]struct {
		Id     *string `parquet:"name=Id, type=BYTE_ARRAY, convertedtype=UTF8, repetitiontype=OPTIONAL"`
		Name   *string `parquet:"name=Name, type=BYTE_ARRAY, convertedtype=UTF8, repetitiontype=OPTIONAL"`
		Region *string `parquet:"name=Region, type=BYTE_ARRAY, convertedtype=UTF8, repetitiontype=OPTIONAL"`
	} `parquet:"name=Orgs, type=LIST, valuetype=STRUCT, convertedtype=LIST, repetitiontype=OPTIONAL"`
	ApiKeyUpdationTime            *string            `parquet:"name=ApiKeyUpdationTime, type=BYTE_ARRAY, convertedtype=UTF8, repetitiontype=OPTIONAL"`
	SecretId                      *string            `parquet:"name=SecretId, type=BYTE_ARRAY, convertedtype=UTF8, repetitiontype=OPTIONAL"`
	ApiKeyUpdatedBy               *string            `parquet:"name=ApiKeyUpdatedBy, type=BYTE_ARRAY, convertedtype=UTF8, repetitiontype=OPTIONAL"`
	LastUpdatedUnixTimestamp      *int64             `parquet:"name=LastUpdatedUnixTimestamp, type=INT64, repetitiontype=OPTIONAL"`
	LastUpdatedHrTimestamp        *string            `parquet:"name=LastUpdatedHrTimestamp, type=BYTE_ARRAY, convertedtype=UTF8, repetitiontype=OPTIONAL"`
	Env                           *string            `parquet:"name=Env, type=BYTE_ARRAY, convertedtype=UTF8, repetitiontype=OPTIONAL"`
	EnableInventoryDataCollection bool               `parquet:"name=EnableInventoryDataCollection, type=BOOLEAN"`
	ContractNumbers               *[]string          `parquet:"name=ContractNumbers, type=LIST, valuetype=BYTE_ARRAY, valueconvertedtype=UTF8, convertedtype=LIST, repetitiontype=OPTIONAL"`
	ContractLastUpdatedAt         *string            `parquet:"name=ContractLastUpdatedAt, type=BYTE_ARRAY, convertedtype=UTF8, repetitiontype=OPTIONAL"`
	CollectionStatus              *map[string]string `parquet:"name=CollectionStatus, type=MAP, keytype=BYTE_ARRAY, keyconvertedtype=UTF8, valuetype=BYTE_ARRAY, valueconvertedtype=UTF8, convertedtype=MAP, repetitiontype=OPTIONAL"`
}
