name=Id, type=INT64
name=Name, type=BYTE_ARRAY, convertedtype=UTF8
name=Age, type=INT32
name=Temperature, type=FLOAT
name=Vaccinated, type=BOOLEAN
